
;SAS/C Amiga Compiler (Phase 1)  6.50                Dec 21 2023 12:15:20                                                                            Page 1


;===> Including file "include:ctype.h"
;===> Including file "include:dos/dos.h"
;===> Including file "include:exec/types.h"
;===> Including file "include:clib/compiler-specific.h"
;===> Including file "include:exec/memory.h"
;===> Including file "include:exec/nodes.h"
;===> Including file "include:exec/types.h"
;===> Including file "include:proto/dos.h"
;===> Including file "include:dos/dosextens.h"
;===> Including file "include:exec/tasks.h"
;===> Including file "include:exec/lists.h"
;===> Including file "include:exec/ports.h"
;===> Including file "include:exec/libraries.h"
;===> Including file "include:exec/semaphores.h"
;===> Including file "include:devices/timer.h"
;===> Including file "include:exec/io.h"
;===> Including file "include:pragmas/dos_pragmas.h"
;===> Including file "include:clib/dos_protos.h"
;===> Including file "include:dos/record.h"
;===> Including file "include:dos/rdargs.h"
;===> Including file "include:dos/dosasl.h"
;===> Including file "include:dos/var.h"
;===> Including file "include:dos/notify.h"
;===> Including file "include:dos/datetime.h"
;===> Including file "include:dos/exall.h"
;===> Including file "include:utility/hooks.h"
;===> Including file "include:utility/tagitem.h"
;===> Including file "include:proto/exec.h"
;===> Including file "include:exec/execbase.h"
;===> Including file "include:exec/interrupts.h"
;===> Including file "include:pragmas/exec_pragmas.h"
;===> Including file "include:clib/exec_protos.h"
;===> Including file "include:exec/devices.h"
;===> Including file "include:exec/resident.h"
;===> Including file "include:stdio.h"
;===> Including file "include:sys/commsize.h"
;===> Including file "include:sys/commlist.h"
;===> Including file "include:sys/commnull.h"
;===> Including file "include:stdlib.h"
;===> Including file "include:sys/commsize.h"
;===> Including file "include:sys/commchar.h"
;===> Including file "include:sys/commnull.h"
;===> Including file "include:sys/commwben.h"
;===> Including file "include:string.h"
;===> Including file "include:sys/commsize.h"
;===> Including file "include:sys/commnull.h"
;===> Including file "include:time.h"
;===> Including file "include:sys/commnull.h"
;===> Including file "include:sys/commsize.h"
;===> Including file "include:sys/commtime.h"
6.50 (Cross Reference)        Dec 21 2023 12:15:21                         Page 1


      SYMBOL        ATTRIBUTES AND CROSS REFERENCE


_L               #define symbol
                 WHDArchiveExtractor.c: 155

__builtin_printf near __stdargs function returning int
                 WHDArchiveExtractor.c: 225, 227, 230, 261, 282, 286, 301, 302,
                             311, 326, 353, 390, 416, 417, 419, 426, 433, 462,
                             463, 466, 470, 478, 496, 500, 502

__builtin_strlen near function returning "size_t"
                 WHDArchiveExtractor.c: 121, 135, 144, 211(2), 212, 321(2), 341,
                             342

__builtin_strcmp near function returning int
                 WHDArchiveExtractor.c: 136, 250(2), 262(2), 263, 449, 452

__builtin_strcpy near function returning pointer to char
                 WHDArchiveExtractor.c: 251, 264, 266, 268, 271, 273, 275

__ctype          array [] of char
                 WHDArchiveExtractor.c: 155

__iob            array [] of struct "__iobuf" (size 33 bytes)
                 WHDArchiveExtractor.c: 80

argc             int
                 WHDArchiveExtractor.c: 407, 425, 448

argv             pointer to pointer to char
                 WHDArchiveExtractor.c: 407, 440, 441, 449, 452

ACCESS_READ      #define symbol
                 WHDArchiveExtractor.c: 201, 244, 373

AllocMem         near function returning "APTR"
                 WHDArchiveExtractor.c: 246, 372

bool             #define symbol
                 WHDArchiveExtractor.c: 38, 45

BPTR             long
                 WHDArchiveExtractor.c: 201, 235, 373

check_disk_space near function returning int
                 WHDArchiveExtractor.c: 63, 281, 371, 475

6.50 (Cross Reference)        Dec 21 2023 12:15:21                         Page 2


      SYMBOL        ATTRIBUTES AND CROSS REFERENCE



command_result   "LONG"
                 WHDArchiveExtractor.c: 241, 305, 309, 310

current_file_path array [256] of char
                 WHDArchiveExtractor.c: 237, 251, 252, 253, 258, 299(2), 314,
                             317, 334, 337

CONST_STRPTR     pointer to const unsigned char
                 WHDArchiveExtractor.c: 201, 244

dir_lock         "BPTR"
                 WHDArchiveExtractor.c: 235, 244, 245, 248, 249, 367

disk_check_result int
                 WHDArchiveExtractor.c: 476

disk_check_result int
                 WHDArchiveExtractor.c: 281, 282, 283

disk_check_result int
                 WHDArchiveExtractor.c: 408, 475

does_folder_exists near function returning int
                 WHDArchiveExtractor.c: 465, 469

does_file_exist near function returning int
                 WHDArchiveExtractor.c: 64, 187, 432

does_folder_exists near function returning int
                 WHDArchiveExtractor.c: 65, 200

DEBUG            #define symbol
                 WHDArchiveExtractor.c: 43, 389, 443

DOSBase          pointer to struct "DosLibrary"
                 WHDArchiveExtractor.c: 201, 203, 244, 248, 249, 305, 367, 373,
                             385, 402

elapsed_seconds long
                 WHDArchiveExtractor.c: 409, 492, 493, 494, 495

ends_with_lha    near function returning int
                 WHDArchiveExtractor.c: 66, 134

error_messages_array array [40] of array [256] of char
                 WHDArchiveExtractor.c: 49, 217, 218, 227

6.50 (Cross Reference)        Dec 21 2023 12:15:21                         Page 3


      SYMBOL        ATTRIBUTES AND CROSS REFERENCE



error_count      int
                 WHDArchiveExtractor.c: 52, 217, 218, 219, 224, 226, 352

errorMessage     pointer to const char
                 WHDArchiveExtractor.c: 69

errorMessage     pointer to const char
                 WHDArchiveExtractor.c: 216, 217

extensionStart   pointer to const char
                 WHDArchiveExtractor.c: 140, 149, 155(3)

extraction_command array [256] of char
                 WHDArchiveExtractor.c: 239, 299, 300, 302, 305

ExNext           near function returning "LONG"
                 WHDArchiveExtractor.c: 249

Examine          near function returning "LONG"
                 WHDArchiveExtractor.c: 248

ExtractCommand   array [5] of char
                 WHDArchiveExtractor.c: 238, 266, 268, 273, 275, 299, 301

false            #define symbol
                 WHDArchiveExtractor.c: 40, 45(2)

fclose           near function returning int
                 WHDArchiveExtractor.c: 192

fib_DirEntryType long in enum <no tag> (offset: 4)
                 WHDArchiveExtractor.c: 255

fib_FileName     array [108] of unsigned char in struct "FileInfoBlock" (offset:
                 8)
                 WHDArchiveExtractor.c: 250(2), 253, 260

file             pointer to struct "__iobuf"
                 WHDArchiveExtractor.c: 190, 192

filename         pointer to char
                 WHDArchiveExtractor.c: 64

filename         pointer to const char
                 WHDArchiveExtractor.c: 66

filename         pointer to const char
                 WHDArchiveExtractor.c: 134, 135, 136

6.50 (Cross Reference)        Dec 21 2023 12:15:21                         Page 4


      SYMBOL        ATTRIBUTES AND CROSS REFERENCE



filename         pointer to const char
                 WHDArchiveExtractor.c: 139, 144, 149

file_path        pointer to char
                 WHDArchiveExtractor.c: 163, 175, 177, 179, 180, 184

file_path_length "size_t"
                 WHDArchiveExtractor.c: 172, 175, 179, 180

filename         pointer to char
                 WHDArchiveExtractor.c: 187, 190

file             pointer to "FILE"
                 WHDArchiveExtractor.c: 188

file_extension   pointer to char
                 WHDArchiveExtractor.c: 236, 260, 261, 262(2), 263

file_info_block pointer to struct "FileInfoBlock"
                 WHDArchiveExtractor.c: 242, 246, 247, 248, 249, 250(2), 253,
                             255, 260, 365

fix_dos_formatting near function returning void
                 WHDArchiveExtractor.c: 67, 76, 300

folder_name      pointer to const char
                 WHDArchiveExtractor.c: 65

folder_name      pointer to const char
                 WHDArchiveExtractor.c: 200, 201

fopen            near function returning pointer to "FILE"
                 WHDArchiveExtractor.c: 190

fprintf          near __stdargs function returning int
                 WHDArchiveExtractor.c: 80

free_space       long
                 WHDArchiveExtractor.c: 393, 395

free_space       long
                 WHDArchiveExtractor.c: 374, 387, 390

full_path        pointer to const char
                 WHDArchiveExtractor.c: 61

full_path        pointer to const char
                 WHDArchiveExtractor.c: 162, 166, 167, 172, 179

6.50 (Cross Reference)        Dec 21 2023 12:15:21                         Page 5


      SYMBOL        ATTRIBUTES AND CROSS REFERENCE



FILE             struct "__iobuf" (size 33 bytes)
                 WHDArchiveExtractor.c: 188

FileInfoBlock    struct tag (size 260 bytes)
                 WHDArchiveExtractor.c: 242, 246(2), 365
                 members:
                   fib_DiskKey (offset: 0)
                   fib_DirEntryType (offset: 4)
                   fib_FileName (offset: 8)
                   fib_Protection (offset: 116)
                   fib_EntryType (offset: 120)
                   fib_Size (offset: 124)
                   fib_NumBlocks (offset: 128)
                   fib_Date (offset: 132)
                   fib_Comment (offset: 144)
                   fib_OwnerUID (offset: 224)
                   fib_OwnerGID (offset: 226)
                   fib_Reserved (offset: 228)

FreeMem          near function returning void
                 WHDArchiveExtractor.c: 365, 379, 403

get_file_path    near function returning pointer to char
                 WHDArchiveExtractor.c: 61, 162, 299

get_directory_contents near function returning void
                 WHDArchiveExtractor.c: 68, 234, 258, 489

get_file_extension near function returning pointer to char
                 WHDArchiveExtractor.c: 139, 260

hours            long
                 WHDArchiveExtractor.c: 409, 493, 500

i                int
                 WHDArchiveExtractor.c: 142, 154(3), 155(4)

i                int
                 WHDArchiveExtractor.c: 223, 226(3), 227(2)

i                int
                 WHDArchiveExtractor.c: 408, 448(3), 449, 452

id_BytesPerBlock long in struct "InfoData" (offset: 20)
                 WHDArchiveExtractor.c: 387

id_NumBlocks     long in struct "InfoData" (offset: 12)
                 WHDArchiveExtractor.c: 387

6.50 (Cross Reference)        Dec 21 2023 12:15:21                         Page 6


      SYMBOL        ATTRIBUTES AND CROSS REFERENCE



id_NumBlocksUsed long in struct "InfoData" (offset: 16)
                 WHDArchiveExtractor.c: 387

info             pointer to struct "InfoData"
                 WHDArchiveExtractor.c: 372, 377, 379, 385, 387(3), 403

input_file_path pointer to char
                 WHDArchiveExtractor.c: 46, 299, 460

input_directory_path "STRPTR"
                 WHDArchiveExtractor.c: 57, 68, 234, 440, 444, 457, 460, 462,
                             465, 466, 489

input_str        pointer to char
                 WHDArchiveExtractor.c: 62

input_str        pointer to char
                 WHDArchiveExtractor.c: 120, 124, 127, 131

input_directory_path pointer to unsigned char
                 WHDArchiveExtractor.c: 244, 251

islower          #define symbol  (1 argument)
                 WHDArchiveExtractor.c: 155

InfoData         struct tag (size 36 bytes)
                 WHDArchiveExtractor.c: 372(2), 379, 403
                 members:
                   id_NumSoftErrors (offset: 0)
                   id_UnitNumber (offset: 4)
                   id_DiskState (offset: 8)
                   id_NumBlocks (offset: 12)
                   id_NumBlocksUsed (offset: 16)
                   id_BytesPerBlock (offset: 20)
                   id_DiskType (offset: 24)
                   id_VolumeNode (offset: 28)
                   id_InUse (offset: 32)

Info             near function returning "LONG"
                 WHDArchiveExtractor.c: 385

last_slash       pointer to const char
                 WHDArchiveExtractor.c: 166, 168(2)

last_back_slash pointer to const char
                 WHDArchiveExtractor.c: 167, 168(2)

6.50 (Cross Reference)        Dec 21 2023 12:15:21                         Page 7


      SYMBOL        ATTRIBUTES AND CROSS REFERENCE



last_path_separator pointer to const char
                 WHDArchiveExtractor.c: 168, 170, 172

len              "size_t"
                 WHDArchiveExtractor.c: 135, 136(2)

len              "size_t"
                 WHDArchiveExtractor.c: 144, 145, 149

lock             long
                 WHDArchiveExtractor.c: 378, 385, 402

lock             long
                 WHDArchiveExtractor.c: 202, 203

lock             "BPTR"
                 WHDArchiveExtractor.c: 201

lock             "BPTR"
                 WHDArchiveExtractor.c: 373

logError         near function returning void
                 WHDArchiveExtractor.c: 69, 216, 324, 348

LONG             long
                 WHDArchiveExtractor.c: 241

Lock             near function returning "BPTR"
                 WHDArchiveExtractor.c: 201, 244, 373

main             near function returning int
                 WHDArchiveExtractor.c: 407

malloc           near function returning pointer to void
                 WHDArchiveExtractor.c: 150, 175

min_space_mb     int
                 WHDArchiveExtractor.c: 63

min_space_mb     int
                 WHDArchiveExtractor.c: 371, 395

minutes          long
                 WHDArchiveExtractor.c: 409, 494, 500

MAX_ERRORS       #define symbol
                 WHDArchiveExtractor.c: 41, 49, 352

6.50 (Cross Reference)        Dec 21 2023 12:15:21                         Page 8


      SYMBOL        ATTRIBUTES AND CROSS REFERENCE



MAX_ERROR_LENGTH #define symbol
                 WHDArchiveExtractor.c: 42, 48, 49, 217, 218, 317, 318, 321, 337,
                             338, 343

MEMF_CLEAR       #define symbol
                 WHDArchiveExtractor.c: 246, 372

num_archives_found int
                 WHDArchiveExtractor.c: 51, 295, 499

num_directories_scanned int
                 WHDArchiveExtractor.c: 53, 256, 499

NULL             #define symbol
                 WHDArchiveExtractor.c: 79, 146, 152, 163, 170, 177, 211, 305,
                             487, 492

output_file_path pointer to char
                 WHDArchiveExtractor.c: 47

output_directory_path "STRPTR"
                 WHDArchiveExtractor.c: 58, 68, 234, 441, 445, 458, 463, 469,
                             470, 475, 489

output_directory_path pointer to unsigned char
                 WHDArchiveExtractor.c: 258, 281, 299

p                pointer to char
                 WHDArchiveExtractor.c: 77, 84, 88, 89, 91(2), 93, 94(2), 96, 98,
                             99, 103, 105, 107, 108, 112, 113

path             "STRPTR"
                 WHDArchiveExtractor.c: 371, 373

path             "STRPTR"
                 WHDArchiveExtractor.c: 63

printf           #define symbol
                 WHDArchiveExtractor.c: 225, 227, 230, 261, 282, 286, 301, 302,
                             311, 326, 353, 390, 416, 417, 419, 426, 433, 462,
                             463, 466, 470, 478, 496, 500, 502

printErrors      near function returning void
                 WHDArchiveExtractor.c: 70, 216, 501

program_name     array [6] of char
                 WHDArchiveExtractor.c: 240, 264, 271, 299

6.50 (Cross Reference)        Dec 21 2023 12:15:21                         Page 9


      SYMBOL        ATTRIBUTES AND CROSS REFERENCE



q                pointer to char
                 WHDArchiveExtractor.c: 77, 92, 95, 98, 104, 107, 112, 115, 117

remove_text      near function returning pointer to char
                 WHDArchiveExtractor.c: 62, 120, 299

remove_trailing_slash near function returning void
                 WHDArchiveExtractor.c: 71, 210, 457, 458

remove_len       int
                 WHDArchiveExtractor.c: 121, 124, 127

result           int
                 WHDArchiveExtractor.c: 375, 383, 394, 396, 399, 404

seconds          long
                 WHDArchiveExtractor.c: 409, 495, 500

should_stop_app int
                 WHDArchiveExtractor.c: 54, 249, 293, 356

single_error_message array [256] of char
                 WHDArchiveExtractor.c: 48, 317, 318, 321, 322, 324, 337, 338,
                             341, 344, 348

size_t           unsigned int
                 WHDArchiveExtractor.c: 135, 144, 172

skip_disk_space_check int
                 WHDArchiveExtractor.c: 45, 280, 450, 474

sprintf          near __stdargs function returning int
                 WHDArchiveExtractor.c: 299

start_time       long
                 WHDArchiveExtractor.c: 55, 487, 492

stderr           #define symbol
                 WHDArchiveExtractor.c: 80

str              pointer to char
                 WHDArchiveExtractor.c: 67

str              pointer to char
                 WHDArchiveExtractor.c: 71

str              pointer to char
                 WHDArchiveExtractor.c: 76, 77(2), 79, 91, 94

6.50 (Cross Reference)        Dec 21 2023 12:15:21                         Page 10


      SYMBOL        ATTRIBUTES AND CROSS REFERENCE



str              pointer to char
                 WHDArchiveExtractor.c: 210, 211(4), 212(2)

strcat           near function returning pointer to char
                 WHDArchiveExtractor.c: 252, 253, 322, 344

strcmp           #define symbol  (2 arguments)
                 WHDArchiveExtractor.c: 136, 250(2), 262(2), 263, 449, 452

strcpy           #define symbol  (2 arguments)
                 WHDArchiveExtractor.c: 251, 264, 266, 268, 271, 273, 275

strlen           #define symbol  (1 argument)
                 WHDArchiveExtractor.c: 121, 135, 144, 211(2), 212, 321(2), 341,
                             342

strncpy          near function returning pointer to char
                 WHDArchiveExtractor.c: 179, 217, 317, 337

strncmp          near function returning int
                 WHDArchiveExtractor.c: 124

strrchr          near function returning pointer to char
                 WHDArchiveExtractor.c: 166, 167

STRPTR           pointer to unsigned char
                 WHDArchiveExtractor.c: 57, 58, 62, 63, 68(2), 120, 234(2), 371

SystemTagList    near function returning "LONG"
                 WHDArchiveExtractor.c: 305

test_archives_only int
                 WHDArchiveExtractor.c: 45, 265, 272, 453

text_to_remove   "STRPTR"
                 WHDArchiveExtractor.c: 62

text_to_remove   "STRPTR"
                 WHDArchiveExtractor.c: 120, 121, 124

time             near function returning "time_t"
                 WHDArchiveExtractor.c: 487, 492

toupper          #define symbol  (1 argument)
                 WHDArchiveExtractor.c: 155

true             #define symbol
                 WHDArchiveExtractor.c: 39, 450, 453

6.50 (Cross Reference)        Dec 21 2023 12:15:21                         Page 11


      SYMBOL        ATTRIBUTES AND CROSS REFERENCE



uppercaseExtension pointer to char
                 WHDArchiveExtractor.c: 141, 150, 151, 155, 157, 159

UnLock           near function returning void
                 WHDArchiveExtractor.c: 203, 367, 402

version_number   array [6] of char
                 WHDArchiveExtractor.c: 50, 417, 502
